cd Task-6
git add .
git commit -m "Task 6 Initial commit"
git status
git stash
git stash pop
git stash list

(base) PS C:\Users\renua\OneDrive\Desktop\GitHub\Task-6> git stash
Saved working directory and index state WIP on main: 86f3947 Task 6  Initial commit











(base) PS C:\Users\renua\OneDrive\Desktop\GitHub\Task-7> git log --oneline
c655b39 (HEAD -> t7-branch1) Important fix
4186f7f (main) Task 7 Initial commit
aa13077 (origin/main, origin/HEAD) Task-6 completed
86f3947 Task 6  Initial commit
803b5be Task-5 completed
9788f81 commit3
265d0bf commit2
283a8fb commit1
4d9918f Task 6 Initial commit